// Jest Snapshot v1, https://goo.gl/fbAQLP

exports[`expect to render Card component 1`] = `
<h1
  className="f1"
>
  Robodex
</h1>
`;
